2025-03-07 13:48:26,921  INFO [main] LogUtils:26 -  AUTOMATION_LOG: ==> Browser name: chrome
2025-03-07 13:48:26,927  INFO [main] LogUtils:26 -  AUTOMATION_LOG: ==> osName: Mac OS X
2025-03-07 13:50:23,965  INFO [main] LogUtils:26 -  AUTOMATION_LOG: ==> Browser name: chrome
2025-03-07 13:50:30,260  INFO [main] LogUtils:26 -  AUTOMATION_LOG: ==> osName: Mac OS X
2025-03-07 13:51:02,890  INFO [main] LogUtils:26 -  AUTOMATION_LOG: ==> Opened Website: https://kabira.mintpro.in/signup
2025-03-07 13:51:19,953  INFO [main] LogUtils:26 -  AUTOMATION_LOG: ==> Browser name: chrome
2025-03-07 13:51:25,873  INFO [main] LogUtils:26 -  AUTOMATION_LOG: ==> osName: Mac OS X
2025-03-07 13:52:03,834  INFO [main] LogUtils:26 -  AUTOMATION_LOG: ==> Opened Website: https://kabira.mintpro.in/signup
2025-03-07 13:52:17,064  INFO [main] LogUtils:26 -  AUTOMATION_LOG: ==> Mobile Number Entered
2025-03-07 13:52:30,355  INFO [main] LogUtils:26 -  AUTOMATION_LOG: ==> Get OTP pressed
2025-03-07 13:52:33,838  INFO [main] LogUtils:26 -  AUTOMATION_LOG: ==> OTP Entered
2025-03-07 13:52:39,765  INFO [main] LogUtils:26 -  AUTOMATION_LOG: ==> Login Successful
2025-03-07 13:53:35,908  INFO [main] LogUtils:26 -  AUTOMATION_LOG: ==> Browser name: chrome
2025-03-07 13:53:41,898  INFO [main] LogUtils:26 -  AUTOMATION_LOG: ==> osName: Mac OS X
2025-03-07 13:53:52,257  INFO [main] LogUtils:26 -  AUTOMATION_LOG: ==> Opened Website: https://kabira.mintpro.in/signup
2025-03-07 13:53:57,290  INFO [main] LogUtils:26 -  AUTOMATION_LOG: ==> Mobile Number Entered
2025-03-07 13:54:00,219  INFO [main] LogUtils:26 -  AUTOMATION_LOG: ==> Get OTP pressed
2025-03-07 13:54:01,921  INFO [main] LogUtils:26 -  AUTOMATION_LOG: ==> OTP Entered
2025-03-07 13:54:02,863  INFO [main] LogUtils:26 -  AUTOMATION_LOG: ==> Login Successful
2025-03-07 13:54:17,976  INFO [main] LogUtils:26 -  AUTOMATION_LOG: ==> sell clicked
2025-03-07 13:54:19,513  INFO [main] LogUtils:26 -  AUTOMATION_LOG: ==> Clicked on Tw..
2025-03-07 13:54:40,154  INFO [main] LogUtils:26 -  AUTOMATION_LOG: ==> Clicked on Quote without RegNo....
2025-03-07 13:55:03,245  INFO [main] LogUtils:26 -  AUTOMATION_LOG: ==> Bike Model Entered
2025-03-07 13:55:05,325  INFO [main] LogUtils:26 -  AUTOMATION_LOG: ==> Selected kabira
2025-03-07 13:55:06,505  INFO [main] LogUtils:26 -  AUTOMATION_LOG: ==> Registration Year Selected
2025-03-07 13:55:08,577  INFO [main] LogUtils:26 -  AUTOMATION_LOG: ==> Fuel Type Selected
2025-03-07 13:55:09,350  INFO [main] LogUtils:26 -  AUTOMATION_LOG: ==> Trying to Select variant...
2025-03-07 13:55:11,382  INFO [main] LogUtils:26 -  AUTOMATION_LOG: ==> CC 300 variant Selected...
2025-03-07 13:55:13,336  INFO [main] LogUtils:26 -  AUTOMATION_LOG: ==> Clicked on Next Button
2025-03-07 13:56:24,587  INFO [main] LogUtils:26 -  AUTOMATION_LOG: ==> Browser name: chrome
2025-03-07 13:56:30,583  INFO [main] LogUtils:26 -  AUTOMATION_LOG: ==> osName: Mac OS X
2025-03-07 13:56:43,008  INFO [main] LogUtils:26 -  AUTOMATION_LOG: ==> Opened Website: https://motohaus.mintpro.in/signup
2025-03-07 13:56:48,389  INFO [main] LogUtils:26 -  AUTOMATION_LOG: ==> Mobile Number Entered
2025-03-07 13:56:52,121  INFO [main] LogUtils:26 -  AUTOMATION_LOG: ==> Get OTP pressed
2025-03-07 13:56:53,607  INFO [main] LogUtils:26 -  AUTOMATION_LOG: ==> OTP Entered
2025-03-07 13:56:54,489  INFO [main] LogUtils:26 -  AUTOMATION_LOG: ==> Login Successful
2025-03-07 13:57:06,964  INFO [main] LogUtils:26 -  AUTOMATION_LOG: ==> sell clicked
2025-03-07 13:57:10,189  INFO [main] LogUtils:26 -  AUTOMATION_LOG: ==> Clicked on Tw..
2025-03-07 13:57:30,680  INFO [main] LogUtils:26 -  AUTOMATION_LOG: ==> Clicked on Quote without RegNo....
2025-03-07 13:57:53,343  INFO [main] LogUtils:26 -  AUTOMATION_LOG: ==> Bike Model Entered
2025-03-07 13:59:41,379  INFO [main] LogUtils:26 -  AUTOMATION_LOG: ==> Browser name: chrome
2025-03-07 13:59:47,769  INFO [main] LogUtils:26 -  AUTOMATION_LOG: ==> osName: Mac OS X
2025-03-07 13:59:59,980  INFO [main] LogUtils:26 -  AUTOMATION_LOG: ==> Opened Website: https://motohaus.mintpro.in/signup
2025-03-07 14:00:04,988  INFO [main] LogUtils:26 -  AUTOMATION_LOG: ==> Mobile Number Entered
2025-03-07 14:00:10,013  INFO [main] LogUtils:26 -  AUTOMATION_LOG: ==> Get OTP pressed
2025-03-07 14:00:11,485  INFO [main] LogUtils:26 -  AUTOMATION_LOG: ==> OTP Entered
2025-03-07 14:00:12,494  INFO [main] LogUtils:26 -  AUTOMATION_LOG: ==> Login Successful
2025-03-07 14:00:26,351  INFO [main] LogUtils:26 -  AUTOMATION_LOG: ==> sell clicked
2025-03-07 14:00:29,604  INFO [main] LogUtils:26 -  AUTOMATION_LOG: ==> Clicked on Tw..
2025-03-07 14:00:50,366  INFO [main] LogUtils:26 -  AUTOMATION_LOG: ==> Clicked on Quote without RegNo....
2025-03-07 14:01:12,868  INFO [main] LogUtils:26 -  AUTOMATION_LOG: ==> Bike Model Entered
2025-03-07 14:01:14,588  INFO [main] LogUtils:26 -  AUTOMATION_LOG: ==> Bike Model Entered
2025-03-07 14:01:16,034  INFO [main] LogUtils:26 -  AUTOMATION_LOG: ==> Registration Year Selected
2025-03-07 14:47:03,361  INFO [main] LogUtils:26 -  AUTOMATION_LOG: ==> Browser name: chrome
2025-03-07 14:47:08,580  INFO [main] LogUtils:26 -  AUTOMATION_LOG: ==> osName: Mac OS X
2025-03-07 14:47:09,353  INFO [main] LogUtils:26 -  AUTOMATION_LOG: ==> Opened Website: https://motohaus.mintpro.in/signup
2025-03-07 14:47:09,513  INFO [main] LogUtils:26 -  AUTOMATION_LOG: ==> Mobile Number Entered
2025-03-07 14:47:09,580  INFO [main] LogUtils:26 -  AUTOMATION_LOG: ==> Get OTP pressed
2025-03-07 14:47:09,811  INFO [main] LogUtils:26 -  AUTOMATION_LOG: ==> OTP Entered
2025-03-07 14:47:09,889  INFO [main] LogUtils:26 -  AUTOMATION_LOG: ==> Login Successful
2025-03-07 14:47:10,714  INFO [main] LogUtils:26 -  AUTOMATION_LOG: ==> sell clicked
2025-03-07 14:47:10,920  INFO [main] LogUtils:26 -  AUTOMATION_LOG: ==> Clicked on Tw..
2025-03-07 14:47:11,881  INFO [main] LogUtils:26 -  AUTOMATION_LOG: ==> Clicked on Quote without RegNo....
2025-03-07 14:47:16,099  INFO [main] LogUtils:26 -  AUTOMATION_LOG: ==> Bike Model Entered
2025-03-07 14:47:17,208  INFO [main] LogUtils:26 -  AUTOMATION_LOG: ==> Bike Model Entered
2025-03-07 14:47:17,516  INFO [main] LogUtils:26 -  AUTOMATION_LOG: ==> Registration Year Selected
